<?xml version='1.0' encoding='UTF-8'?>
<caom2:Observation xmlns:caom2="http://www.opencadc.org/caom2/xml/v2.4" xmlns:xsi="http://www.w3.org/2001/XMLSchema-instance" xsi:type="caom2:DerivedObservation" caom2:id="4ba91b90-6f3e-4128-a404-4a559590c372" caom2:metaProducer="euclid2caom2/0.1.0">
  <caom2:collection>EUCLID</caom2:collection>
  <caom2:observationID>EUC_MER_BGSUB-MOSAIC-NIR-Y_TILE102163762-7F3874_20240516T064835.674261Z_00.00</caom2:observationID>
  <caom2:metaRelease>2024-05-16T06:35:19.000</caom2:metaRelease>
  <caom2:algorithm>
    <caom2:name>stack</caom2:name>
  </caom2:algorithm>
  <caom2:type>object</caom2:type>
  <caom2:intent>science</caom2:intent>
  <caom2:proposal>
    <caom2:id>Q1</caom2:id>
  </caom2:proposal>
  <caom2:target>
    <caom2:name>TILE102163762-7F3874</caom2:name>
  </caom2:target>
  <caom2:targetPosition>
    <caom2:coordsys>FK5</caom2:coordsys>
    <caom2:coordinates>
      <caom2:cval1>212.5036818</caom2:cval1>
      <caom2:cval2>75.5</caom2:cval2>
    </caom2:coordinates>
  </caom2:targetPosition>
  <caom2:telescope>
    <caom2:name>Euclid</caom2:name>
  </caom2:telescope>
  <caom2:instrument>
    <caom2:name>NIR</caom2:name>
  </caom2:instrument>
  <caom2:planes>
    <caom2:plane caom2:id="1e5c3e26-8d3e-48d8-9379-334127e45981" caom2:metaProducer="euclid2caom2/0.1.0">
      <caom2:productID>EUC_MER_BGSUB-MOSAIC-NIR-Y_TILE102163762-7F3874_20240516T064835.674261Z_00.00</caom2:productID>
      <caom2:metaRelease>2024-05-16T06:35:19.000</caom2:metaRelease>
      <caom2:dataRelease>2030-01-01T00:00:00.000</caom2:dataRelease>
      <caom2:dataProductType>image</caom2:dataProductType>
      <caom2:calibrationLevel>4</caom2:calibrationLevel>
      <caom2:provenance>
        <caom2:name>CT_SWarp</caom2:name>
        <caom2:version>10.1.2</caom2:version>
        <caom2:project>2020-2024 Euclid Consortium</caom2:project>
        <caom2:producer>pr-12.sdcit-prod-ops.altecspace.it</caom2:producer>
        <caom2:reference>https://www.euclid-ec.org/</caom2:reference>
        <caom2:lastExecuted>2024-05-16T06:35:19.000</caom2:lastExecuted>
      </caom2:provenance>
      <caom2:artifacts>
        <caom2:artifact caom2:id="643bd8bb-8723-402a-afab-07eeeac960ce" caom2:metaProducer="euclid2caom2/0.1.0">
          <caom2:uri>esa:EUCLID/EUC_MER_BGSUB-MOSAIC-NIR-Y_TILE102163762-7F3874_20240516T064835.674261Z_00.00.fits</caom2:uri>
          <caom2:productType>science</caom2:productType>
          <caom2:releaseType>meta</caom2:releaseType>
          <caom2:contentType>application/fits</caom2:contentType>
          <caom2:contentLength>4049</caom2:contentLength>
          <caom2:contentChecksum>md5:3c782afda4ba22cb9e773d21aad497c7</caom2:contentChecksum>
          <caom2:parts>
            <caom2:part caom2:id="cf0eaf95-62ed-41ba-a9c0-504382990e13">
              <caom2:name>0</caom2:name>
              <caom2:chunks>
                <caom2:chunk caom2:id="efd7c836-464a-4498-881e-6330988f20c9" caom2:metaProducer="euclid2caom2/0.1.0">
                  <caom2:naxis>2</caom2:naxis>
                  <caom2:positionAxis1>1</caom2:positionAxis1>
                  <caom2:positionAxis2>2</caom2:positionAxis2>
                  <caom2:position>
                    <caom2:axis>
                      <caom2:axis1>
                        <caom2:ctype>RA---TAN</caom2:ctype>
                        <caom2:cunit>deg</caom2:cunit>
                      </caom2:axis1>
                      <caom2:axis2>
                        <caom2:ctype>DEC--TAN</caom2:ctype>
                        <caom2:cunit>deg</caom2:cunit>
                      </caom2:axis2>
                      <caom2:function>
                        <caom2:dimension>
                          <caom2:naxis1>19200</caom2:naxis1>
                          <caom2:naxis2>19200</caom2:naxis2>
                        </caom2:dimension>
                        <caom2:refCoord>
                          <caom2:coord1>
                            <caom2:pix>9600.0</caom2:pix>
                            <caom2:val>212.5036818</caom2:val>
                          </caom2:coord1>
                          <caom2:coord2>
                            <caom2:pix>9600.0</caom2:pix>
                            <caom2:val>75.5</caom2:val>
                          </caom2:coord2>
                        </caom2:refCoord>
                        <caom2:cd11>-2.777777777778e-05</caom2:cd11>
                        <caom2:cd12>0.0</caom2:cd12>
                        <caom2:cd21>0.0</caom2:cd21>
                        <caom2:cd22>2.777777777778e-05</caom2:cd22>
                      </caom2:function>
                    </caom2:axis>
                    <caom2:coordsys>ICRS</caom2:coordsys>
                    <caom2:equinox>2000.0</caom2:equinox>
                    <caom2:resolution>0.3</caom2:resolution>
                  </caom2:position>
                  <caom2:energy>
                    <caom2:axis>
                      <caom2:axis>
                        <caom2:ctype>WAVE</caom2:ctype>
                        <caom2:cunit>m</caom2:cunit>
                      </caom2:axis>
                      <caom2:function>
                        <caom2:naxis>1</caom2:naxis>
                        <caom2:delta>2.6183096429691e-07</caom2:delta>
                        <caom2:refCoord>
                          <caom2:pix>1.0</caom2:pix>
                          <caom2:val>1.0813857749351e-06</caom2:val>
                        </caom2:refCoord>
                      </caom2:function>
                    </caom2:axis>
                    <caom2:specsys>TOPOCENT</caom2:specsys>
                    <caom2:ssysobs>TOPOCENT</caom2:ssysobs>
                    <caom2:ssyssrc>TOPOCENT</caom2:ssyssrc>
                    <caom2:bandpassName>NIR_Y</caom2:bandpassName>
                    <caom2:resolvingPower>4.1300912511968395</caom2:resolvingPower>
                  </caom2:energy>
                </caom2:chunk>
              </caom2:chunks>
            </caom2:part>
          </caom2:parts>
        </caom2:artifact>
      </caom2:artifacts>
    </caom2:plane>
  </caom2:planes>
</caom2:Observation>
