<?xml version='1.0' encoding='UTF-8'?>
<caom2:Observation xmlns:caom2="http://www.opencadc.org/caom2/xml/v2.4" xmlns:xsi="http://www.w3.org/2001/XMLSchema-instance" xsi:type="caom2:DerivedObservation" caom2:id="a0c93829-fdd1-4a42-a86f-b7af43cafee3" caom2:metaProducer="euclid2caom2/0.1.0">
  <caom2:collection>EUCLID</caom2:collection>
  <caom2:observationID>TILE102070858</caom2:observationID>
  <caom2:metaRelease>2024-11-05T00:59:35.000</caom2:metaRelease>
  <caom2:metaReadGroups>
    <caom2:groupURI>ivo://cadc.nrc.ca/gms?EuclidCanRead</caom2:groupURI>
    <caom2:groupURI>ivo://cadc.nrc.ca/gms?CADC</caom2:groupURI>
  </caom2:metaReadGroups>
  <caom2:algorithm>
    <caom2:name>OU-MER</caom2:name>
  </caom2:algorithm>
  <caom2:type>object</caom2:type>
  <caom2:intent>science</caom2:intent>
  <caom2:proposal>
    <caom2:id>Q1</caom2:id>
  </caom2:proposal>
  <caom2:target>
    <caom2:name>TILE102070858</caom2:name>
  </caom2:target>
  <caom2:targetPosition>
    <caom2:coordsys>FK5</caom2:coordsys>
    <caom2:coordinates>
      <caom2:cval1>85.8353437</caom2:cval1>
      <caom2:cval2>-8.5</caom2:cval2>
    </caom2:coordinates>
  </caom2:targetPosition>
  <caom2:telescope>
    <caom2:name>Euclid</caom2:name>
  </caom2:telescope>
  <caom2:instrument>
    <caom2:name>VIS</caom2:name>
  </caom2:instrument>
  <caom2:planes>
    <caom2:plane caom2:id="0695b545-1610-430b-abd8-9b4f5500dc0a" caom2:metaProducer="euclid2caom2/0.1.0">
      <caom2:productID>TILE102070858_VIS</caom2:productID>
      <caom2:metaRelease>2024-11-05T00:59:35.000</caom2:metaRelease>
      <caom2:metaReadGroups>
        <caom2:groupURI>ivo://cadc.nrc.ca/gms?EuclidCanRead</caom2:groupURI>
        <caom2:groupURI>ivo://cadc.nrc.ca/gms?CADC</caom2:groupURI>
      </caom2:metaReadGroups>
      <caom2:dataRelease>2030-01-01T00:00:00.000</caom2:dataRelease>
      <caom2:dataReadGroups>
        <caom2:groupURI>ivo://cadc.nrc.ca/gms?EuclidCanRead</caom2:groupURI>
        <caom2:groupURI>ivo://cadc.nrc.ca/gms?CADC</caom2:groupURI>
      </caom2:dataReadGroups>
      <caom2:dataProductType>image</caom2:dataProductType>
      <caom2:calibrationLevel>4</caom2:calibrationLevel>
      <caom2:provenance>
        <caom2:name>CT_SWarp</caom2:name>
        <caom2:version>10.2</caom2:version>
        <caom2:project>2020-2024 Euclid Consortium</caom2:project>
        <caom2:producer>pr-01.sdcit-prod-ops.altecspace.it</caom2:producer>
        <caom2:reference>https://www.euclid-ec.org/</caom2:reference>
        <caom2:lastExecuted>2024-11-05T00:59:35.000</caom2:lastExecuted>
      </caom2:provenance>
      <caom2:artifacts>
        <caom2:artifact caom2:id="52f0dcb1-c67c-44dd-a5bc-2a6318c59223" caom2:metaProducer="euclid2caom2/0.1.0">
          <caom2:uri>esa:EUCLID/EUC_MER_MOSAIC-VIS-FLAG_TILE102070858-B260B9_20241104T161703.183145Z_00.00.fits</caom2:uri>
          <caom2:productType>science</caom2:productType>
          <caom2:releaseType>meta</caom2:releaseType>
          <caom2:contentType>application/fits</caom2:contentType>
          <caom2:contentLength>4130</caom2:contentLength>
          <caom2:contentChecksum>md5:f59136ac262b76238f79dc46f8cab4bc</caom2:contentChecksum>
          <caom2:parts>
            <caom2:part caom2:id="f7c1244d-a5b5-4b49-8ffe-6599bb834412">
              <caom2:name>0</caom2:name>
              <caom2:chunks>
                <caom2:chunk caom2:id="09c98d5c-b4e2-46a9-9a31-5c2bf66ecbf7" caom2:metaProducer="euclid2caom2/0.1.0">
                  <caom2:naxis>2</caom2:naxis>
                  <caom2:positionAxis1>1</caom2:positionAxis1>
                  <caom2:positionAxis2>2</caom2:positionAxis2>
                  <caom2:position>
                    <caom2:axis>
                      <caom2:axis1>
                        <caom2:ctype>RA---TAN</caom2:ctype>
                        <caom2:cunit>deg</caom2:cunit>
                      </caom2:axis1>
                      <caom2:axis2>
                        <caom2:ctype>DEC--TAN</caom2:ctype>
                        <caom2:cunit>deg</caom2:cunit>
                      </caom2:axis2>
                      <caom2:function>
                        <caom2:dimension>
                          <caom2:naxis1>19200</caom2:naxis1>
                          <caom2:naxis2>19200</caom2:naxis2>
                        </caom2:dimension>
                        <caom2:refCoord>
                          <caom2:coord1>
                            <caom2:pix>9600.0</caom2:pix>
                            <caom2:val>85.8353437</caom2:val>
                          </caom2:coord1>
                          <caom2:coord2>
                            <caom2:pix>9600.0</caom2:pix>
                            <caom2:val>-8.5</caom2:val>
                          </caom2:coord2>
                        </caom2:refCoord>
                        <caom2:cd11>-2.777777777778e-05</caom2:cd11>
                        <caom2:cd12>0.0</caom2:cd12>
                        <caom2:cd21>0.0</caom2:cd21>
                        <caom2:cd22>2.777777777778e-05</caom2:cd22>
                      </caom2:function>
                    </caom2:axis>
                    <caom2:coordsys>ICRS</caom2:coordsys>
                    <caom2:equinox>2000.0</caom2:equinox>
                    <caom2:resolution>0.1</caom2:resolution>
                  </caom2:position>
                  <caom2:energy>
                    <caom2:axis>
                      <caom2:axis>
                        <caom2:ctype>WAVE</caom2:ctype>
                        <caom2:cunit>m</caom2:cunit>
                      </caom2:axis>
                      <caom2:function>
                        <caom2:naxis>1</caom2:naxis>
                        <caom2:delta>3.7844194576686e-07</caom2:delta>
                        <caom2:refCoord>
                          <caom2:pix>1.0</caom2:pix>
                          <caom2:val>7.3107619211456e-07</caom2:val>
                        </caom2:refCoord>
                      </caom2:function>
                    </caom2:axis>
                    <caom2:specsys>TOPOCENT</caom2:specsys>
                    <caom2:ssysobs>TOPOCENT</caom2:ssysobs>
                    <caom2:ssyssrc>TOPOCENT</caom2:ssyssrc>
                    <caom2:bandpassName>VIS</caom2:bandpassName>
                  </caom2:energy>
                </caom2:chunk>
              </caom2:chunks>
            </caom2:part>
          </caom2:parts>
        </caom2:artifact>
        <caom2:artifact caom2:id="0f1856a0-3c0c-4898-a130-96f0c70a0ef8" caom2:metaProducer="euclid2caom2/0.1.0">
          <caom2:uri>esa:EUCLID/EUC_MER_CATALOG-PSF-VIS_TILE102070858-F69E9E_20241105T134129.112687Z_00.00.fits</caom2:uri>
          <caom2:productType>auxiliary</caom2:productType>
          <caom2:releaseType>meta</caom2:releaseType>
          <caom2:contentType>application/fits</caom2:contentType>
          <caom2:contentLength>6318</caom2:contentLength>
          <caom2:contentChecksum>md5:5d59275bbeb1102d7ac3547fbba92572</caom2:contentChecksum>
          <caom2:parts/>
        </caom2:artifact>
        <caom2:artifact caom2:id="e118bb9b-af51-418c-b18a-35d8b90f83ef" caom2:metaProducer="euclid2caom2/0.1.0">
          <caom2:uri>esa:EUCLID/EUC_MER_BGMOD-VIS_TILE102070858-F79595_20241105T125727.727179Z_00.00.fits</caom2:uri>
          <caom2:productType>science</caom2:productType>
          <caom2:releaseType>meta</caom2:releaseType>
          <caom2:contentType>application/fits</caom2:contentType>
          <caom2:contentLength>2510</caom2:contentLength>
          <caom2:contentChecksum>md5:b51d119042d316acbd582d72bc39031f</caom2:contentChecksum>
          <caom2:parts>
            <caom2:part caom2:id="49ac98e2-881e-44a2-830c-a45e4f81f8fc">
              <caom2:name>0</caom2:name>
              <caom2:chunks>
                <caom2:chunk caom2:id="d723b869-b45d-4e2a-bf79-2f601a471e50" caom2:metaProducer="euclid2caom2/0.1.0">
                  <caom2:naxis>2</caom2:naxis>
                  <caom2:positionAxis1>1</caom2:positionAxis1>
                  <caom2:positionAxis2>2</caom2:positionAxis2>
                  <caom2:position>
                    <caom2:axis>
                      <caom2:axis1>
                        <caom2:ctype>RA---TAN</caom2:ctype>
                        <caom2:cunit>deg</caom2:cunit>
                      </caom2:axis1>
                      <caom2:axis2>
                        <caom2:ctype>DEC--TAN</caom2:ctype>
                        <caom2:cunit>deg</caom2:cunit>
                      </caom2:axis2>
                      <caom2:function>
                        <caom2:dimension>
                          <caom2:naxis1>19200</caom2:naxis1>
                          <caom2:naxis2>19200</caom2:naxis2>
                        </caom2:dimension>
                        <caom2:refCoord>
                          <caom2:coord1>
                            <caom2:pix>9600.0</caom2:pix>
                            <caom2:val>85.8353437</caom2:val>
                          </caom2:coord1>
                          <caom2:coord2>
                            <caom2:pix>9600.0</caom2:pix>
                            <caom2:val>-8.5</caom2:val>
                          </caom2:coord2>
                        </caom2:refCoord>
                        <caom2:cd11>-2.777777777778e-05</caom2:cd11>
                        <caom2:cd12>0.0</caom2:cd12>
                        <caom2:cd21>0.0</caom2:cd21>
                        <caom2:cd22>2.777777777778e-05</caom2:cd22>
                      </caom2:function>
                    </caom2:axis>
                    <caom2:coordsys>ICRS</caom2:coordsys>
                    <caom2:equinox>2000.0</caom2:equinox>
                    <caom2:resolution>0.1</caom2:resolution>
                  </caom2:position>
                  <caom2:energy>
                    <caom2:axis>
                      <caom2:axis>
                        <caom2:ctype>WAVE</caom2:ctype>
                        <caom2:cunit>m</caom2:cunit>
                      </caom2:axis>
                      <caom2:function>
                        <caom2:naxis>1</caom2:naxis>
                        <caom2:delta>3.7844194576686e-07</caom2:delta>
                        <caom2:refCoord>
                          <caom2:pix>1.0</caom2:pix>
                          <caom2:val>7.3107619211456e-07</caom2:val>
                        </caom2:refCoord>
                      </caom2:function>
                    </caom2:axis>
                    <caom2:specsys>TOPOCENT</caom2:specsys>
                    <caom2:ssysobs>TOPOCENT</caom2:ssysobs>
                    <caom2:ssyssrc>TOPOCENT</caom2:ssyssrc>
                    <caom2:bandpassName>VIS</caom2:bandpassName>
                  </caom2:energy>
                </caom2:chunk>
              </caom2:chunks>
            </caom2:part>
          </caom2:parts>
        </caom2:artifact>
        <caom2:artifact caom2:id="d02f9b37-1a20-4c64-beb9-621f485e3166" caom2:metaProducer="euclid2caom2/0.1.0">
          <caom2:uri>esa:EUCLID/EUC_MER_BGSUB-MOSAIC-VIS_TILE102070858-5ED2D5_20241105T125727.727353Z_00.00.fits</caom2:uri>
          <caom2:productType>science</caom2:productType>
          <caom2:releaseType>meta</caom2:releaseType>
          <caom2:contentType>application/fits</caom2:contentType>
          <caom2:contentLength>4049</caom2:contentLength>
          <caom2:contentChecksum>md5:35d2f2e6163db2a4917840e36e34a63f</caom2:contentChecksum>
          <caom2:parts>
            <caom2:part caom2:id="c360ff98-e23b-4b58-a6c4-7ad6ec7c9671">
              <caom2:name>0</caom2:name>
              <caom2:chunks>
                <caom2:chunk caom2:id="ddd712d5-8778-4a29-bee3-22bebd7a4807" caom2:metaProducer="euclid2caom2/0.1.0">
                  <caom2:naxis>2</caom2:naxis>
                  <caom2:positionAxis1>1</caom2:positionAxis1>
                  <caom2:positionAxis2>2</caom2:positionAxis2>
                  <caom2:position>
                    <caom2:axis>
                      <caom2:axis1>
                        <caom2:ctype>RA---TAN</caom2:ctype>
                        <caom2:cunit>deg</caom2:cunit>
                      </caom2:axis1>
                      <caom2:axis2>
                        <caom2:ctype>DEC--TAN</caom2:ctype>
                        <caom2:cunit>deg</caom2:cunit>
                      </caom2:axis2>
                      <caom2:function>
                        <caom2:dimension>
                          <caom2:naxis1>19200</caom2:naxis1>
                          <caom2:naxis2>19200</caom2:naxis2>
                        </caom2:dimension>
                        <caom2:refCoord>
                          <caom2:coord1>
                            <caom2:pix>9600.0</caom2:pix>
                            <caom2:val>85.8353437</caom2:val>
                          </caom2:coord1>
                          <caom2:coord2>
                            <caom2:pix>9600.0</caom2:pix>
                            <caom2:val>-8.5</caom2:val>
                          </caom2:coord2>
                        </caom2:refCoord>
                        <caom2:cd11>-2.777777777778e-05</caom2:cd11>
                        <caom2:cd12>0.0</caom2:cd12>
                        <caom2:cd21>0.0</caom2:cd21>
                        <caom2:cd22>2.777777777778e-05</caom2:cd22>
                      </caom2:function>
                    </caom2:axis>
                    <caom2:coordsys>ICRS</caom2:coordsys>
                    <caom2:equinox>2000.0</caom2:equinox>
                    <caom2:resolution>0.1</caom2:resolution>
                  </caom2:position>
                  <caom2:energy>
                    <caom2:axis>
                      <caom2:axis>
                        <caom2:ctype>WAVE</caom2:ctype>
                        <caom2:cunit>m</caom2:cunit>
                      </caom2:axis>
                      <caom2:function>
                        <caom2:naxis>1</caom2:naxis>
                        <caom2:delta>3.7844194576686e-07</caom2:delta>
                        <caom2:refCoord>
                          <caom2:pix>1.0</caom2:pix>
                          <caom2:val>7.3107619211456e-07</caom2:val>
                        </caom2:refCoord>
                      </caom2:function>
                    </caom2:axis>
                    <caom2:specsys>TOPOCENT</caom2:specsys>
                    <caom2:ssysobs>TOPOCENT</caom2:ssysobs>
                    <caom2:ssyssrc>TOPOCENT</caom2:ssyssrc>
                    <caom2:bandpassName>VIS</caom2:bandpassName>
                  </caom2:energy>
                </caom2:chunk>
              </caom2:chunks>
            </caom2:part>
          </caom2:parts>
        </caom2:artifact>
        <caom2:artifact caom2:id="8255d8ee-ea25-41d7-a0c0-64f175a650a1" caom2:metaProducer="euclid2caom2/0.1.0">
          <caom2:uri>esa:EUCLID/EUC_MER_GRID-PSF-VIS_TILE102070858-7333BC_20241104T161703.183167Z_00.00.fits</caom2:uri>
          <caom2:productType>science</caom2:productType>
          <caom2:releaseType>meta</caom2:releaseType>
          <caom2:contentType>application/fits</caom2:contentType>
          <caom2:contentLength>5670</caom2:contentLength>
          <caom2:contentChecksum>md5:7246b170353150d051fa899b013a96dd</caom2:contentChecksum>
          <caom2:parts>
            <caom2:part caom2:id="55acf057-01b9-4906-bfca-6fc057456a75">
              <caom2:name>PRIMARY</caom2:name>
              <caom2:chunks/>
            </caom2:part>
            <caom2:part caom2:id="b0c33563-6b6f-411e-a570-40f546794312">
              <caom2:name>IMAGE</caom2:name>
              <caom2:chunks>
                <caom2:chunk caom2:id="d3a857cd-2cc4-4a24-bb5f-054474c52a4b" caom2:metaProducer="euclid2caom2/0.1.0">
                  <caom2:naxis>2</caom2:naxis>
                  <caom2:positionAxis1>1</caom2:positionAxis1>
                  <caom2:positionAxis2>2</caom2:positionAxis2>
                  <caom2:position>
                    <caom2:axis>
                      <caom2:axis1>
                        <caom2:ctype>RA---TAN</caom2:ctype>
                        <caom2:cunit>deg</caom2:cunit>
                      </caom2:axis1>
                      <caom2:axis2>
                        <caom2:ctype>DEC--TAN</caom2:ctype>
                        <caom2:cunit>deg</caom2:cunit>
                      </caom2:axis2>
                      <caom2:function>
                        <caom2:dimension>
                          <caom2:naxis1>19200</caom2:naxis1>
                          <caom2:naxis2>19200</caom2:naxis2>
                        </caom2:dimension>
                        <caom2:refCoord>
                          <caom2:coord1>
                            <caom2:pix>9600.0</caom2:pix>
                            <caom2:val>85.8353437</caom2:val>
                          </caom2:coord1>
                          <caom2:coord2>
                            <caom2:pix>9600.0</caom2:pix>
                            <caom2:val>-8.5</caom2:val>
                          </caom2:coord2>
                        </caom2:refCoord>
                        <caom2:cd11>-2.777777777778e-05</caom2:cd11>
                        <caom2:cd12>0.0</caom2:cd12>
                        <caom2:cd21>0.0</caom2:cd21>
                        <caom2:cd22>2.777777777778e-05</caom2:cd22>
                      </caom2:function>
                    </caom2:axis>
                    <caom2:coordsys>ICRS</caom2:coordsys>
                    <caom2:equinox>2000.0</caom2:equinox>
                    <caom2:resolution>0.1</caom2:resolution>
                  </caom2:position>
                  <caom2:energy>
                    <caom2:axis>
                      <caom2:axis>
                        <caom2:ctype>WAVE</caom2:ctype>
                        <caom2:cunit>m</caom2:cunit>
                      </caom2:axis>
                      <caom2:function>
                        <caom2:naxis>1</caom2:naxis>
                        <caom2:delta>3.7844194576686e-07</caom2:delta>
                        <caom2:refCoord>
                          <caom2:pix>1.0</caom2:pix>
                          <caom2:val>7.3107619211456e-07</caom2:val>
                        </caom2:refCoord>
                      </caom2:function>
                    </caom2:axis>
                    <caom2:specsys>TOPOCENT</caom2:specsys>
                    <caom2:ssysobs>TOPOCENT</caom2:ssysobs>
                    <caom2:ssyssrc>TOPOCENT</caom2:ssyssrc>
                    <caom2:bandpassName>VIS</caom2:bandpassName>
                  </caom2:energy>
                </caom2:chunk>
              </caom2:chunks>
            </caom2:part>
            <caom2:part caom2:id="55acf057-01b9-4906-bfca-6fc057456a75">
              <caom2:name>BINTABLE</caom2:name>
              <caom2:chunks/>
            </caom2:part>
          </caom2:parts>
        </caom2:artifact>
        <caom2:artifact caom2:id="5dcf3ddf-ad75-400f-a0d9-93b5d4c33249" caom2:metaProducer="euclid2caom2/0.1.0">
          <caom2:uri>esa:EUCLID/EUC_MER_MOSAIC-VIS-RMS_TILE102070858-BB87CE_20241104T161703.183124Z_00.00.fits</caom2:uri>
          <caom2:productType>weight</caom2:productType>
          <caom2:releaseType>meta</caom2:releaseType>
          <caom2:contentType>application/fits</caom2:contentType>
          <caom2:contentLength>4049</caom2:contentLength>
          <caom2:contentChecksum>md5:35d2f2e6163db2a4917840e36e34a63f</caom2:contentChecksum>
          <caom2:parts>
            <caom2:part caom2:id="805ed86c-c777-4785-bdcc-584656646183">
              <caom2:name>0</caom2:name>
              <caom2:chunks>
                <caom2:chunk caom2:id="912687f7-f55f-4d7d-9857-0a0c164a53a3" caom2:metaProducer="euclid2caom2/0.1.0">
                  <caom2:naxis>2</caom2:naxis>
                  <caom2:positionAxis1>1</caom2:positionAxis1>
                  <caom2:positionAxis2>2</caom2:positionAxis2>
                  <caom2:position>
                    <caom2:axis>
                      <caom2:axis1>
                        <caom2:ctype>RA---TAN</caom2:ctype>
                        <caom2:cunit>deg</caom2:cunit>
                      </caom2:axis1>
                      <caom2:axis2>
                        <caom2:ctype>DEC--TAN</caom2:ctype>
                        <caom2:cunit>deg</caom2:cunit>
                      </caom2:axis2>
                      <caom2:function>
                        <caom2:dimension>
                          <caom2:naxis1>19200</caom2:naxis1>
                          <caom2:naxis2>19200</caom2:naxis2>
                        </caom2:dimension>
                        <caom2:refCoord>
                          <caom2:coord1>
                            <caom2:pix>9600.0</caom2:pix>
                            <caom2:val>85.8353437</caom2:val>
                          </caom2:coord1>
                          <caom2:coord2>
                            <caom2:pix>9600.0</caom2:pix>
                            <caom2:val>-8.5</caom2:val>
                          </caom2:coord2>
                        </caom2:refCoord>
                        <caom2:cd11>-2.777777777778e-05</caom2:cd11>
                        <caom2:cd12>0.0</caom2:cd12>
                        <caom2:cd21>0.0</caom2:cd21>
                        <caom2:cd22>2.777777777778e-05</caom2:cd22>
                      </caom2:function>
                    </caom2:axis>
                    <caom2:coordsys>ICRS</caom2:coordsys>
                    <caom2:equinox>2000.0</caom2:equinox>
                    <caom2:resolution>0.1</caom2:resolution>
                  </caom2:position>
                  <caom2:energy>
                    <caom2:axis>
                      <caom2:axis>
                        <caom2:ctype>WAVE</caom2:ctype>
                        <caom2:cunit>m</caom2:cunit>
                      </caom2:axis>
                      <caom2:function>
                        <caom2:naxis>1</caom2:naxis>
                        <caom2:delta>3.7844194576686e-07</caom2:delta>
                        <caom2:refCoord>
                          <caom2:pix>1.0</caom2:pix>
                          <caom2:val>7.3107619211456e-07</caom2:val>
                        </caom2:refCoord>
                      </caom2:function>
                    </caom2:axis>
                    <caom2:specsys>TOPOCENT</caom2:specsys>
                    <caom2:ssysobs>TOPOCENT</caom2:ssysobs>
                    <caom2:ssyssrc>TOPOCENT</caom2:ssyssrc>
                    <caom2:bandpassName>VIS</caom2:bandpassName>
                  </caom2:energy>
                </caom2:chunk>
              </caom2:chunks>
            </caom2:part>
          </caom2:parts>
        </caom2:artifact>
      </caom2:artifacts>
    </caom2:plane>
    <caom2:plane caom2:id="11db9148-667c-4f90-854b-baec80cf1f27" caom2:metaProducer="euclid2caom2/0.1.0">
      <caom2:productID>TILE102070858_CUTOUTS_CAT</caom2:productID>
      <caom2:metaRelease>2024-11-05T12:22:55.000</caom2:metaRelease>
      <caom2:metaReadGroups>
        <caom2:groupURI>ivo://cadc.nrc.ca/gms?EuclidCanRead</caom2:groupURI>
        <caom2:groupURI>ivo://cadc.nrc.ca/gms?CADC</caom2:groupURI>
      </caom2:metaReadGroups>
      <caom2:dataRelease>2030-01-01T00:00:00.000</caom2:dataRelease>
      <caom2:dataReadGroups>
        <caom2:groupURI>ivo://cadc.nrc.ca/gms?EuclidCanRead</caom2:groupURI>
        <caom2:groupURI>ivo://cadc.nrc.ca/gms?CADC</caom2:groupURI>
      </caom2:dataReadGroups>
      <caom2:dataProductType>http://www.opencadc.org/caom2/DataProductType#catalog</caom2:dataProductType>
      <caom2:calibrationLevel>4</caom2:calibrationLevel>
      <caom2:artifacts>
        <caom2:artifact caom2:id="82239723-a991-4bd7-959c-8c38060ddc88" caom2:metaProducer="euclid2caom2/0.1.0">
          <caom2:uri>esa:EUCLID/EUC_MER_FINAL-CUTOUTS-CAT_TILE102070858-755293_20241106T105450.172109Z_00.00.fits</caom2:uri>
          <caom2:productType>auxiliary</caom2:productType>
          <caom2:releaseType>meta</caom2:releaseType>
          <caom2:contentType>application/fits</caom2:contentType>
          <caom2:contentLength>8018</caom2:contentLength>
          <caom2:contentChecksum>md5:05b24ecfbc8b3f74ec99e2052d727143</caom2:contentChecksum>
          <caom2:parts/>
        </caom2:artifact>
      </caom2:artifacts>
    </caom2:plane>
    <caom2:plane caom2:id="3624b2ef-1e9c-409e-b014-b0eb78ded105" caom2:metaProducer="euclid2caom2/0.1.0">
      <caom2:productID>TILE102070858_CAT</caom2:productID>
      <caom2:metaRelease>2024-11-05T00:59:35.000</caom2:metaRelease>
      <caom2:metaReadGroups>
        <caom2:groupURI>ivo://cadc.nrc.ca/gms?EuclidCanRead</caom2:groupURI>
        <caom2:groupURI>ivo://cadc.nrc.ca/gms?CADC</caom2:groupURI>
      </caom2:metaReadGroups>
      <caom2:dataRelease>2030-01-01T00:00:00.000</caom2:dataRelease>
      <caom2:dataReadGroups>
        <caom2:groupURI>ivo://cadc.nrc.ca/gms?EuclidCanRead</caom2:groupURI>
        <caom2:groupURI>ivo://cadc.nrc.ca/gms?CADC</caom2:groupURI>
      </caom2:dataReadGroups>
      <caom2:dataProductType>http://www.opencadc.org/caom2/DataProductType#catalog</caom2:dataProductType>
      <caom2:calibrationLevel>4</caom2:calibrationLevel>
      <caom2:artifacts>
        <caom2:artifact caom2:id="52242041-9a99-452d-8e82-02480a83c050" caom2:metaProducer="euclid2caom2/0.1.0">
          <caom2:uri>esa:EUCLID/EUC_MER_FINAL-CAT_TILE102070858-FCBD03_20241106T175237.497132Z_00.00.fits</caom2:uri>
          <caom2:productType>auxiliary</caom2:productType>
          <caom2:releaseType>meta</caom2:releaseType>
          <caom2:contentType>application/fits</caom2:contentType>
          <caom2:contentLength>118826</caom2:contentLength>
          <caom2:contentChecksum>md5:86ecf58ca62442ae423272ffed91ad96</caom2:contentChecksum>
          <caom2:parts/>
        </caom2:artifact>
      </caom2:artifacts>
    </caom2:plane>
    <caom2:plane caom2:id="dc84dd23-4336-46c6-bb45-e803b7982b4e" caom2:metaProducer="euclid2caom2/0.1.0">
      <caom2:productID>TILE102070858_MORPH_CAT</caom2:productID>
      <caom2:metaRelease>2024-11-05T00:59:35.000</caom2:metaRelease>
      <caom2:metaReadGroups>
        <caom2:groupURI>ivo://cadc.nrc.ca/gms?EuclidCanRead</caom2:groupURI>
        <caom2:groupURI>ivo://cadc.nrc.ca/gms?CADC</caom2:groupURI>
      </caom2:metaReadGroups>
      <caom2:dataRelease>2030-01-01T00:00:00.000</caom2:dataRelease>
      <caom2:dataReadGroups>
        <caom2:groupURI>ivo://cadc.nrc.ca/gms?EuclidCanRead</caom2:groupURI>
        <caom2:groupURI>ivo://cadc.nrc.ca/gms?CADC</caom2:groupURI>
      </caom2:dataReadGroups>
      <caom2:dataProductType>http://www.opencadc.org/caom2/DataProductType#catalog</caom2:dataProductType>
      <caom2:calibrationLevel>4</caom2:calibrationLevel>
      <caom2:artifacts>
        <caom2:artifact caom2:id="9cc4816a-7f0b-443c-95b1-14e4a0f60f94" caom2:metaProducer="euclid2caom2/0.1.0">
          <caom2:uri>esa:EUCLID/EUC_MER_FINAL-MORPH-CAT_TILE102070858-46295E_20241106T175236.702482Z_00.00.fits</caom2:uri>
          <caom2:productType>auxiliary</caom2:productType>
          <caom2:releaseType>meta</caom2:releaseType>
          <caom2:contentType>application/fits</caom2:contentType>
          <caom2:contentLength>27944</caom2:contentLength>
          <caom2:contentChecksum>md5:6d8c7cd512e30bbe77b6a4a295b6c521</caom2:contentChecksum>
          <caom2:parts/>
        </caom2:artifact>
      </caom2:artifacts>
    </caom2:plane>
  </caom2:planes>
</caom2:Observation>
